// Jest Snapshot v1, https://goo.gl/fbAQLP

exports[`Home renders correctly 1`] = `
.c1 {
  margin-bottom: 20px;
}

.c2 {
  display: block;
  margin-bottom: 10px;
}

.c3 {
  display: block;
  border: 1px solid;
  padding: 15px 10px;
  height: 45px;
  width: 100%;
}

.c4 {
  height: 36px;
  background: #322F6F;
  border-radius: 3px;
  font-size: 14px;
  font-weight: 300;
  line-height: 16px;
  color: #fff;
  display: inline-block;
}

.c0 {
  grid-column: 1 / span 4;
}

.c6 {
  width: 70px;
  height: 93px;
}

.c5 {
  display: grid;
  grid-template-columns: repeat(4,1fr);
}

<section
  className="c0"
>
  <h2>
    testUser
  </h2>
  <div
    className="user-counts"
  >
    <p>
      0
       
      items
    </p>
    <p>
      0 wish list
    </p>
  </div>
  <div
    className="search"
  >
    <form
      action="/search"
      method="POST"
      onSubmit={[Function]}
    >
      <div
        className="c1"
      >
        <label
          className="c2"
          htmlFor="query"
        >
          Search
        </label>
        <div
          className="textfield-wrapper"
        >
          <input
            className="c3"
            id="query"
            name=""
            onBlur={[Function]}
            onChange={[Function]}
            type="text"
            value=""
          />
        </div>
        
      </div>
      <button
        className="c4"
        onClick={null}
        size="normal"
        type="submit"
      >
        Search
      </button>
    </form>
  </div>
  <section>
    <h3>
      Recently Added
    </h3>
    <div
      className="c5"
    >
      <img
        className="c6"
      />
      <img
        className="c6"
      />
      <img
        className="c6"
      />
      <img
        className="c6"
      />
    </div>
  </section>
  <div
    className="friend-activity"
  >
    <div
      className="feed-item"
    >
      <p>
        VMelo added Injustice: Gods Among Us for the Wii U to their collection
      </p>
    </div>
  </div>
</section>
`;
