// Jest Snapshot v1, https://goo.gl/fbAQLP

exports[`Login renders correctly 1`] = `
.c2 {
  margin-bottom: 20px;
}

.c3 {
  display: block;
  margin-bottom: 10px;
}

.c4 {
  display: block;
  border: 1px solid;
  padding: 15px 10px;
  height: 45px;
  width: 100%;
}

.c6 {
  height: 50px;
  background: #322F6F;
  border-radius: 3px;
  font-size: 14px;
  font-weight: 300;
  line-height: 16px;
  color: #fff;
  display: inline-block;
}

.c0 {
  grid-column: 1 / span 4;
}

.c1 {
  font-weight: 500;
  text-align: center;
}

.c5 {
  margin-top: 24px;
  display: block;
  width: 100%;
  font-size: 1em;
}

@media (min-width:768px) {
  .c0 {
    grid-column: 2 / span 2;
  }
}

<section
  className="c0"
>
  <h2
    className="c1"
  >
    Log In
  </h2>
  <form
    onSubmit={[Function]}
  >
    <div
      className="c2"
    >
      <label
        className="c3"
        htmlFor="email"
      >
        Email
      </label>
      <div
        className="textfield-wrapper"
      >
        <input
          className="c4"
          id="email"
          name="email"
          onBlur={[Function]}
          onChange={[Function]}
          type="email"
          value=""
        />
      </div>
      
    </div>
    <div
      className="c2"
    >
      <label
        className="c3"
        htmlFor="password"
      >
        Password
      </label>
      <div
        className="textfield-wrapper"
      >
        <input
          className="c4"
          id="password"
          name="password"
          onBlur={[Function]}
          onChange={[Function]}
          type="password"
          value=""
        />
      </div>
      
    </div>
    <button
      className="c5 c6"
      onClick={null}
      size="large"
      type="submit"
    >
      Submit
    </button>
  </form>
</section>
`;
